// Jest Snapshot v1, https://goo.gl/fbAQLP

exports[`NewBooking Component Component snapshot render correctly 1`] = `
Object {
  "asFragment": [Function],
  "baseElement": <body>
    <div>
      <div
        class="container"
      >
        <div
          class="header"
        >
          Bookings
          <button
            class="btn btn-primary"
            type="button"
          >
            New Book
          </button>
        </div>
        <div
          class="container"
        >
          <div
            class="userBooking"
          >
            <div>
              <img
                alt="user-image"
                class="avatar"
                src="1.jpg"
              />
            </div>
            <div>
              <p
                data-testid="user-name"
              >
                Eslam Mostafa
              </p>
              <p>
                <label
                  data-testid="user-id"
                >
                  939
                </label>
                 
                <label
                  data-testid="booking-status"
                >
                  Canceled
                </label>
              </p>
            </div>
          </div>
          <div
            class="userBooking"
          >
            <div>
              <img
                alt="user-image"
                class="avatar"
                src="1.jpg"
              />
            </div>
            <div>
              <p
                data-testid="user-name"
              >
                Hossam Hassan
              </p>
              <p>
                <label
                  data-testid="user-id"
                >
                  935
                </label>
                 
                <label
                  data-testid="booking-status"
                >
                  Canceled
                </label>
              </p>
            </div>
          </div>
          <div
            class="userBooking"
          >
            <div>
              <img
                alt="user-image"
                class="avatar"
                src="1.jpg"
              />
            </div>
            <div>
              <p
                data-testid="user-name"
              >
                Hossam Hassan
              </p>
              <p>
                <label
                  data-testid="user-id"
                >
                  936
                </label>
                 
                <label
                  data-testid="booking-status"
                >
                  Compeleted
                </label>
              </p>
            </div>
          </div>
          <div
            class="userBooking"
          >
            <div>
              <img
                alt="user-image"
                class="avatar"
                src="1.jpg"
              />
            </div>
            <div>
              <p
                data-testid="user-name"
              >
                Hossam Hassan
              </p>
              <p>
                <label
                  data-testid="user-id"
                >
                  937
                </label>
                 
                <label
                  data-testid="booking-status"
                >
                  Compeleted
                </label>
              </p>
            </div>
          </div>
        </div>
      </div>
    </div>
  </body>,
  "container": <div>
    <div
      class="container"
    >
      <div
        class="header"
      >
        Bookings
        <button
          class="btn btn-primary"
          type="button"
        >
          New Book
        </button>
      </div>
      <div
        class="container"
      >
        <div
          class="userBooking"
        >
          <div>
            <img
              alt="user-image"
              class="avatar"
              src="1.jpg"
            />
          </div>
          <div>
            <p
              data-testid="user-name"
            >
              Eslam Mostafa
            </p>
            <p>
              <label
                data-testid="user-id"
              >
                939
              </label>
               
              <label
                data-testid="booking-status"
              >
                Canceled
              </label>
            </p>
          </div>
        </div>
        <div
          class="userBooking"
        >
          <div>
            <img
              alt="user-image"
              class="avatar"
              src="1.jpg"
            />
          </div>
          <div>
            <p
              data-testid="user-name"
            >
              Hossam Hassan
            </p>
            <p>
              <label
                data-testid="user-id"
              >
                935
              </label>
               
              <label
                data-testid="booking-status"
              >
                Canceled
              </label>
            </p>
          </div>
        </div>
        <div
          class="userBooking"
        >
          <div>
            <img
              alt="user-image"
              class="avatar"
              src="1.jpg"
            />
          </div>
          <div>
            <p
              data-testid="user-name"
            >
              Hossam Hassan
            </p>
            <p>
              <label
                data-testid="user-id"
              >
                936
              </label>
               
              <label
                data-testid="booking-status"
              >
                Compeleted
              </label>
            </p>
          </div>
        </div>
        <div
          class="userBooking"
        >
          <div>
            <img
              alt="user-image"
              class="avatar"
              src="1.jpg"
            />
          </div>
          <div>
            <p
              data-testid="user-name"
            >
              Hossam Hassan
            </p>
            <p>
              <label
                data-testid="user-id"
              >
                937
              </label>
               
              <label
                data-testid="booking-status"
              >
                Compeleted
              </label>
            </p>
          </div>
        </div>
      </div>
    </div>
  </div>,
  "debug": [Function],
  "findAllByAltText": [Function],
  "findAllByDisplayValue": [Function],
  "findAllByLabelText": [Function],
  "findAllByPlaceholderText": [Function],
  "findAllByRole": [Function],
  "findAllByTestId": [Function],
  "findAllByText": [Function],
  "findAllByTitle": [Function],
  "findByAltText": [Function],
  "findByDisplayValue": [Function],
  "findByLabelText": [Function],
  "findByPlaceholderText": [Function],
  "findByRole": [Function],
  "findByTestId": [Function],
  "findByText": [Function],
  "findByTitle": [Function],
  "getAllByAltText": [Function],
  "getAllByDisplayValue": [Function],
  "getAllByLabelText": [Function],
  "getAllByPlaceholderText": [Function],
  "getAllByRole": [Function],
  "getAllByTestId": [Function],
  "getAllByText": [Function],
  "getAllByTitle": [Function],
  "getByAltText": [Function],
  "getByDisplayValue": [Function],
  "getByLabelText": [Function],
  "getByPlaceholderText": [Function],
  "getByRole": [Function],
  "getByTestId": [Function],
  "getByText": [Function],
  "getByTitle": [Function],
  "queryAllByAltText": [Function],
  "queryAllByDisplayValue": [Function],
  "queryAllByLabelText": [Function],
  "queryAllByPlaceholderText": [Function],
  "queryAllByRole": [Function],
  "queryAllByTestId": [Function],
  "queryAllByText": [Function],
  "queryAllByTitle": [Function],
  "queryByAltText": [Function],
  "queryByDisplayValue": [Function],
  "queryByLabelText": [Function],
  "queryByPlaceholderText": [Function],
  "queryByRole": [Function],
  "queryByTestId": [Function],
  "queryByText": [Function],
  "queryByTitle": [Function],
  "rerender": [Function],
  "unmount": [Function],
}
`;
