// Jest Snapshot v1, https://goo.gl/fbAQLP

exports[`CustomerPaylispRow Component Component snapshot render correctly 1`] = `
Object {
  "asFragment": [Function],
  "baseElement": <body>
    <div>
      <table>
        <tbody>
          <tr>
            <td
              data-testid="index"
            >
              1
            </td>
            <td
              data-testid="user-id"
            >
              244
            </td>
            <td
              data-testid="user-name"
            >
              Amr Hassan
            </td>
            <td
              data-testid="payment-type"
            >
              credit
            </td>
            <td>
              <label
                data-testid="price"
              >
                45
              </label>
              <label
                data-testid="currency"
              >
                EGP
              </label>
            </td>
            <td
              data-testid="station"
            >
              Station
              1
            </td>
          </tr>
        </tbody>
      </table>
    </div>
  </body>,
  "container": <div>
    <table>
      <tbody>
        <tr>
          <td
            data-testid="index"
          >
            1
          </td>
          <td
            data-testid="user-id"
          >
            244
          </td>
          <td
            data-testid="user-name"
          >
            Amr Hassan
          </td>
          <td
            data-testid="payment-type"
          >
            credit
          </td>
          <td>
            <label
              data-testid="price"
            >
              45
            </label>
            <label
              data-testid="currency"
            >
              EGP
            </label>
          </td>
          <td
            data-testid="station"
          >
            Station
            1
          </td>
        </tr>
      </tbody>
    </table>
  </div>,
  "debug": [Function],
  "findAllByAltText": [Function],
  "findAllByDisplayValue": [Function],
  "findAllByLabelText": [Function],
  "findAllByPlaceholderText": [Function],
  "findAllByRole": [Function],
  "findAllByTestId": [Function],
  "findAllByText": [Function],
  "findAllByTitle": [Function],
  "findByAltText": [Function],
  "findByDisplayValue": [Function],
  "findByLabelText": [Function],
  "findByPlaceholderText": [Function],
  "findByRole": [Function],
  "findByTestId": [Function],
  "findByText": [Function],
  "findByTitle": [Function],
  "getAllByAltText": [Function],
  "getAllByDisplayValue": [Function],
  "getAllByLabelText": [Function],
  "getAllByPlaceholderText": [Function],
  "getAllByRole": [Function],
  "getAllByTestId": [Function],
  "getAllByText": [Function],
  "getAllByTitle": [Function],
  "getByAltText": [Function],
  "getByDisplayValue": [Function],
  "getByLabelText": [Function],
  "getByPlaceholderText": [Function],
  "getByRole": [Function],
  "getByTestId": [Function],
  "getByText": [Function],
  "getByTitle": [Function],
  "queryAllByAltText": [Function],
  "queryAllByDisplayValue": [Function],
  "queryAllByLabelText": [Function],
  "queryAllByPlaceholderText": [Function],
  "queryAllByRole": [Function],
  "queryAllByTestId": [Function],
  "queryAllByText": [Function],
  "queryAllByTitle": [Function],
  "queryByAltText": [Function],
  "queryByDisplayValue": [Function],
  "queryByLabelText": [Function],
  "queryByPlaceholderText": [Function],
  "queryByRole": [Function],
  "queryByTestId": [Function],
  "queryByText": [Function],
  "queryByTitle": [Function],
  "rerender": [Function],
  "unmount": [Function],
}
`;
